../Core/Src/UartRingbuffer_multi.c:114:5:Uart_peek.part.0	0	static
../Core/Src/UartRingbuffer_multi.c:42:6:Ringbuf_init	0	static
../Core/Src/UartRingbuffer_multi.c:58:6:store_char	0	static
../Core/Src/UartRingbuffer_multi.c:73:5:Look_for	16	static
../Core/Src/UartRingbuffer_multi.c:101:6:Uart_flush	0	static
../Core/Src/UartRingbuffer_multi.c:114:5:Uart_peek	0	static
../Core/Src/UartRingbuffer_multi.c:143:5:Uart_read	0	static
../Core/Src/UartRingbuffer_multi.c:178:6:Uart_write	8	static
../Core/Src/UartRingbuffer_multi.c:212:5:IsDataAvailable	0	static
../Core/Src/UartRingbuffer_multi.c:233:6:Uart_sendstring	16	static
../Core/Src/UartRingbuffer_multi.c:238:6:Uart_printbase	56	static
../Core/Src/UartRingbuffer_multi.c:259:5:Copy_upto	48	static
../Core/Src/UartRingbuffer_multi.c:294:5:Wait_for	32	static
../Core/Src/UartRingbuffer_multi.c:221:5:Get_after	24	static
../Core/Src/UartRingbuffer_multi.c:323:6:Uart_isr	0	static
